<p class="diffmod test"><p class="diffmod"><ins class="diffmod"> </ins><i class="diffmod"><ins class="diffmod">Lorem </ins></i><ins class="diffmod">ipsum</ins> <i>Lorem </i>ipsum L Lorem ipsum <u class="diffmod"><u style="color:#FF0000;" class="diffmod">dolor </u>sit amet, <del class="diffmod">consectetuer</del><ins class="diffmod">bobsectetuer</ins> adipiscing <b>elit. </b>Aenean commodo ligula eget dolor. <u class="diffmod"><u style="color:#FF0000;" class="diffmod">Aenean </u>massa. <b>Cum </b><b>sociis </b><i>natoque </i><b>penatibus </b>et magnis dis parturient <b>montes, </b>nascetur ridiculus mus. <u class="diffmod"><u style="color:#FF0000;" class="diffmod">Donec </u>quam <i>felis, </i>ultricies <b>nec, </b><i>pellentesque </i>eu, pretium quis, <b>sem. </b><u class="diffmod"><u style="color:#FF0000;" class="diffmod">Nulla </u><del class="diffmod">consequat</del><ins class="diffmod">bobsequat</ins> massa <i>quis </i>enim. Donec pede justo, fringilla vel, aliquet nec, <b>vulputate </b>eget, arcu. In enim justo, rhoncus ut, imperdiet a, <u class="diffmod"><u style="color:#FF0000;" class="diffmod">venenatis </u>vitae, justo. Nullam <b>dictum </b>felis eu pede mollis pretium. Integer <i>tincidunt. </i>Cras dapibus. Vivamus <i>elementum </i><b>semper </b><u class="diffmod"><u style="color:#FF0000;" class="diffmod">nisi. </u>Aenean vulputate eleifend <u class="diffmod"><u style="color:#FF0000;" class="diffmod">tellus. </u>Aenean <b>leo </b><b>ligula, </b>porttitor <i>eu, </i><i><del class="diffmod">consequat</del><ins class="diffmod">bobsequat</ins> </i>vitae, <i>eleifend </i>ac, <u class="diffmod"><u style="color:#FF0000;" class="diffmod">enim. </u>Aliquam <i>lorem </i>ante, dapibus in, viverra quis, </p><p> feugiat a, tellus. Phasellus <b>viverra </b>nulla ut metus varius laoreet. Quisque <b>rutrum. </b>Aenean <b>imperdiet. </b><i>Etiam </i>ultricies nisi vel <u class="diffmod"><del class="diffmod">augue</del><u style="color:#FF0000;" class="diffmod"><ins class="diffmod">ougue</ins>. </u><i>Curabitur </i><b>ullamcorper </b>ultricies nisi. Nam eget dui. Etiam rhoncus. Maecenas tempus, tellus <b>eget </b><del class="diffmod">condimentum</del><ins class="diffmod">bobdimentum</ins> rhoncus, <b>sem </b>quam semper <i>libero, </i><u class="diffmod"><u style="color:#FF0000;" class="diffmod">sit </u>amet <i>adipiscing </i>sem neque sed ipsum. Nam quam <b>nunc, </b>blandit vel, luctus <i>pulvinar, </i>hendrerit <u class="diffmod"><u style="color:#FF0000;" class="diffmod">id, </u><i>lorem. </i>Maecenas nec odio et <u class="diffmod"><u style="color:#FF0000;" class="diffmod">ante </u><b>tincidunt </b><u class="diffmod"><u style="color:#FF0000;" class="diffmod">tempus. </u>Donec vitae sapien ut <i>libero </i>venenatis <b><del class="diffmod">faucibus</del><ins class="diffmod">foucibus</ins>. </b><b>Nullam </b>quis ante. Etiam sit amet orci eget eros <del class="diffmod">faucibus</del><ins class="diffmod">foucibus</ins> <i>tincidunt. </i>Duis leo. Sed <b>fringilla </b><u class="diffmod"><del class="diffmod">mauris</del><u style="color:#FF0000;" class="diffmod"><ins class="diffmod">mouris</ins> </u>sit amet <b>nibh. </b>Donec sodales sagittis magna. <b>Sed </b><del class="diffmod">consequat</del><ins class="diffmod">bobsequat</ins>, <i>leo </i>eget <b>bibendum </b>sodales, <u class="diffmod"><del class="diffmod">augue</del><u style="color:#FF0000;" class="diffmod"><ins class="diffmod">ougue</ins> </u>velit <u class="diffmod"><u style="color:#FF0000;" class="diffmod">cursus </u>nunc, </p><p> quis <b>gravida </b>magna mi a <b>libero. </b>Fusce vulputate eleifend sapien. Vestibulum <i>purus </i>quam, scelerisque ut, mollis sed, nonummy <u class="diffmod"><u style="color:#FF0000;" class="diffmod">id, </u>metus. Nullam <i>accumsan </i><b>lorem </b>in dui. <u class="diffmod"><u style="color:#FF0000;" class="diffmod">Cras </u><b>ultricies </b>mi eu turpis <i>hendrerit </i>fringilla. Vestibulum ante ipsum primis in <del class="diffmod">faucibus</del><ins class="diffmod">foucibus</ins> <i>orci </i>luctus et ultrices posuere cubilia Curae; In ac dui quis mi <del class="diffmod">consectetuer</del><ins class="diffmod">bobsectetuer</ins> lacinia. Nam <i>pretium </i>turpis et arcu. Duis <b>arcu </b>tortor, suscipit eget, <u class="diffmod"><u style="color:#FF0000;" class="diffmod">imperdiet </u><u class="diffmod"><u style="color:#FF0000;" class="diffmod">nec, </u>imperdiet iaculis, ipsum. Sed aliquam ultrices <del class="diffmod">mauris</del><ins class="diffmod">mouris</ins>. Integer ante arcu, accumsan a, <del class="diffmod">consectetuer</del><ins class="diffmod">bobsectetuer</ins> eget, posuere ut, <del class="diffmod">mauris</del><ins class="diffmod">mouris</ins>. Praesent <b>adipiscing. </b><b>Phasellus </b>ullamcorper ipsum rutrum nunc. <u class="diffmod"><u style="color:#FF0000;" class="diffmod">Nunc </u>nonummy metus. Vestibulum volutpat pretium libero. <i>Cras </i>id dui. Aenean <i>ut </i>eros <b>et </b></p><p> nisl sagittis vestibulum. <u class="diffmod"><u style="color:#FF0000;" class="diffmod">Nullam </u>nulla eros, <i>ultricies </i>sit amet, nonummy <b>id, </b><i>imperdiet </i>feugiat, pede. Sed <i>lectus. </i><u class="diffmod"><u style="color:#FF0000;" class="diffmod">Donec </u>mollis hendrerit <u class="diffmod"><u style="color:#FF0000;" class="diffmod">risus. </u><b>Phasellus </b>nec sem in justo pellentesque facilisis. Etiam imperdiet imperdiet orci. Nunc nec neque. Phasellus <u class="diffmod"><u style="color:#FF0000;" class="diffmod">leo </u>dolor, tempus non, <del class="diffmod">auctor</del><ins class="diffmod">ouctor</ins> et, hendrerit <u class="diffmod"><u style="color:#FF0000;" class="diffmod">quis, </u><b>nisi. Curabitur </b>ligula sapien, <b>tincidunt </b>non, <b>euismod </b>vitae, <b>posuere </b><u class="diffmod"><u style="color:#FF0000;" class="diffmod">imperdiet, </u>leo. <b>Maecenas </b>malesuada. <i>Praesent </i><u class="diffmod"><del class="diffmod">congue</del><u style="color:#FF0000;" class="diffmod"><ins class="diffmod">bobgue</ins> </u>erat at massa. <u class="diffmod"><u style="color:#FF0000;" class="diffmod">Sed </u>cursus turpis vitae tortor. <i>Donec </i><b>posuere </b>vulputate arcu. Phasellus accumsan cursus <b>velit. </b><i>Vestibulum </i>ante <u class="diffmod"><u style="color:#FF0000;" class="diffmod">ipsum </u>primis <i>in </i><del class="diffmod">faucibus</del><ins class="diffmod">foucibus</ins> orci luctus <i>et </i>ultrices <u class="diffmod"><u style="color:#FF0000;" class="diffmod">posuere </u>cubilia Curae; Sed aliquam, nisi quis porttitor <del class="diffmod">congue</del><ins class="diffmod">bobgue</ins>, <u class="diffmod"><u style="color:#FF0000;" class="diffmod">elit </u>erat <i>euismod </i>orci, <i>ac </i>placerat dolor lectus quis </p><p> orci. Phasellus <del class="diffmod">consectetuer</del><ins class="diffmod">bobsectetuer</ins> <b>vestibulum </b>elit. Aenean tellus metus, <u class="diffmod"><u style="color:#FF0000;" class="diffmod">bibendum </u>sed, posuere ac, mattis non, <i>nunc. </i><i>Vestibulum </i>fringilla pede <i>sit </i>amet <del class="diffmod">augue</del><ins class="diffmod">ougue</ins>. In turpis. <b>Pellentesque </b>posuere. <u class="diffmod"><u style="color:#FF0000;" class="diffmod">Praesent </u><b>turpis. Aenean </b>posuere, tortor sed cursus feugiat, nunc <b><del class="diffmod">augue </del><ins class="diffmod">ougue </ins></b><u class="diffmod"><u style="color:#FF0000;" class="diffmod">blandit </u>nunc, <b>eu </b><i>sollicitudin </i>urna dolor sagittis lacus. Donec elit libero, sodales nec, <u class="diffmod"><u style="color:#FF0000;" class="diffmod">volutpat </u>a, suscipit non, turpis. Nullam <u class="diffmod"><u style="color:#FF0000;" class="diffmod">sagittis. </u>Suspendisse <i>pulvinar, </i><del class="diffmod">augue</del><ins class="diffmod">ougue</ins> ac venenatis <del class="diffmod">condimentum</del><ins class="diffmod">bobdimentum</ins>, sem libero volutpat <i>nibh, </i>nec pellentesque velit pede <u class="diffmod"><u style="color:#FF0000;" class="diffmod">quis </u><u class="diffmod"><u style="color:#FF0000;" class="diffmod">nunc. </u>Vestibulum ante ipsum <u class="diffmod"><u style="color:#FF0000;" class="diffmod">primis </u>in <i><del class="diffmod">faucibus </del><ins class="diffmod">foucibus </ins></i>orci luctus <i>et </i>ultrices posuere cubilia Curae; Fusce <i>id </i><b>purus. </b><b>Ut </b>varius tincidunt <i>libero. </i><u class="diffmod"><u style="color:#FF0000;" class="diffmod">Phasellus </u><b>dolor. </b><i>Maecenas </i>vestibulum mollis diam. Pellentesque ut neque. <b>Pellentesque </b>habitant </p><p> morbi tristique <u class="diffmod"><u style="color:#FF0000;" class="diffmod">senectus </u>et netus <b>et </b>malesuada fames ac <u class="diffmod"><u style="color:#FF0000;" class="diffmod">turpis </u>egestas. In <b>dui </b>magna, posuere eget, vestibulum <u class="diffmod"><u style="color:#FF0000;" class="diffmod">et, </u>tempor <u class="diffmod"><del class="diffmod">auctor</del><u style="color:#FF0000;" class="diffmod"><ins class="diffmod">ouctor</ins>, </u>justo. In ac <u class="diffmod"><u style="color:#FF0000;" class="diffmod">felis </u><u class="diffmod"><u style="color:#FF0000;" class="diffmod">quis </u>tortor <b>malesuada </b><i>pretium. </i>Pellentesque <del class="diffmod">auctor</del><ins class="diffmod">ouctor</ins> neque nec <u class="diffmod"><u style="color:#FF0000;" class="diffmod">urna. </u>Proin sapien <i>ipsum, </i>porta a, <del class="diffmod">auctor</del><ins class="diffmod">ouctor</ins> quis, euismod ut, mi. Aenean viverra rhoncus pede. Pellentesque habitant morbi tristique senectus <u class="diffmod"><u style="color:#FF0000;" class="diffmod">et </u>netus et malesuada fames ac turpis egestas. <i>Ut </i>non enim eleifend felis <i>pretium </i>feugiat. <b>Vivamus </b><b>quis </b>mi. Phasellus <i>a </i>est. Phasellus magna. In hac <i>habitasse </i><u class="diffmod"><u style="color:#FF0000;" class="diffmod">platea </u><u class="diffmod"><u style="color:#FF0000;" class="diffmod">dictumst. </u><i>Curabitur </i>at lacus ac <u class="diffmod"><u style="color:#FF0000;" class="diffmod">velit </u><i>ornare </i>lobortis. Curabitur a <i>felis </i>in nunc fringilla <i>tristique. </i>Morbi mattis ullamcorper velit. <u class="diffmod"><u style="color:#FF0000;" class="diffmod">Phasellus </u>gravida semper nisi. Nullam </p><p> <u class="diffmod"><u style="color:#FF0000;" class="diffmod">vel </u>sem. Pellentesque <b>libero </b>tortor, tincidunt et, <b>tincidunt </b>eget, semper nec, <b>quam. </b>Sed hendrerit. <u class="diffmod"><u style="color:#FF0000;" class="diffmod">Morbi </u><b>ac </b>felis. Nunc egestas, <del class="diffmod">augue</del><ins class="diffmod">ougue</ins> at pellentesque laoreet, felis <b>eros </b><i>vehicula </i>leo, at malesuada velit leo <i>quis </i>pede. Donec interdum, metus <b>et </b>hendrerit aliquet, dolor diam sagittis ligula, <u class="diffmod"><u style="color:#FF0000;" class="diffmod">eget </u>egestas libero turpis vel <b>mi. </b><u class="diffmod"><u style="color:#FF0000;" class="diffmod">Nunc </u>nulla. Fusce risus nisl, viverra et, tempor et, pretium in, sapien. Donec <b>venenatis </b><b>vulputate </b>lorem. Morbi nec metus. <b>Phasellus </b>blandit leo ut odio. Maecenas ullamcorper, dui et placerat <u class="diffmod"><u style="color:#FF0000;" class="diffmod">feugiat, </u><b>eros </b>pede varius nisi, <del class="diffmod">condimentum</del><ins class="diffmod">bobdimentum</ins> viverra felis nunc <i>et </i>lorem. Sed magna purus, <b>fermentum </b>eu, tincidunt eu, varius ut, felis. In <del class="diffmod">auctor</del><ins class="diffmod">ouctor</ins> lobortis </p><p> lacus. Quisque libero <u class="diffmod"><u style="color:#FF0000;" class="diffmod">metus, </u><del class="diffmod">condimentum</del><ins class="diffmod">bobdimentum</ins> nec, <i>tempor </i><u class="diffmod"><u style="color:#FF0000;" class="diffmod">a, </u><i>commodo </i><u class="diffmod"><u style="color:#FF0000;" class="diffmod">mollis, </u><b>magna. </b>Vestibulum ullamcorper <del class="diffmod">mauris</del><ins class="diffmod">mouris</ins> at ligula. Fusce fermentum. Nullam cursus lacinia erat. <i>Praesent </i>blandit laoreet nibh. Fusce <del class="diffmod">convallis</del><ins class="diffmod">bobvallis</ins> <i>metus </i>id <u class="diffmod"><u style="color:#FF0000;" class="diffmod">felis </u>luctus adipiscing. Pellentesque egestas, <b>neque </b>sit amet <del class="diffmod">convallis</del><ins class="diffmod">bobvallis</ins> pulvinar, <u class="diffmod"><u style="color:#FF0000;" class="diffmod">justo </u>nulla eleifend <del class="diffmod">augue</del><ins class="diffmod">ougue</ins>, <b>ac </b><u class="diffmod"><del class="diffmod">auctor</del><u style="color:#FF0000;" class="diffmod"><ins class="diffmod">ouctor</ins> </u>orci leo non est. Quisque id <u class="diffmod"><u style="color:#FF0000;" class="diffmod">mi. </u><u class="diffmod"><u style="color:#FF0000;" class="diffmod">Ut </u>tincidunt tincidunt erat. <b>Etiam </b>feugiat <b>lorem </b>non metus. <i>Vestibulum </i><u class="diffmod"><u style="color:#FF0000;" class="diffmod">dapibus </u>nunc ac <del class="diffmod">augue</del><ins class="diffmod">ougue</ins>. Curabitur vestibulum aliquam <b>leo. </b>Praesent egestas neque eu enim. In <b>hac </b><i>habitasse </i>platea dictumst. Fusce <u class="diffmod"><u style="color:#FF0000;" class="diffmod">a </u><b>quam. </b>Etiam ut purus mattis <u class="diffmod"><del class="diffmod">mauris</del><u style="color:#FF0000;" class="diffmod"><ins class="diffmod">mouris</ins> </u>sodales aliquam. Curabitur nisi. <i>Quisque </i>malesuada placerat nisl. <i>Nam </i>ipsum <b>risus, </b>rutrum <u class="diffmod"><u style="color:#FF0000;" class="diffmod">vitae, </u></p><p> vestibulum <u class="diffmod"><u style="color:#FF0000;" class="diffmod">eu, </u>molestie vel, lacus. Sed <del class="diffmod">augue</del><ins class="diffmod">ougue</ins> ipsum, egestas <b>nec, </b>vestibulum et, malesuada adipiscing, dui. Vestibulum facilisis, purus nec pulvinar <i>iaculis, </i>ligula <i>mi </i><del class="diffmod">congue</del><ins class="diffmod">bobgue</ins> nunc, vitae euismod ligula <u class="diffmod"><u style="color:#FF0000;" class="diffmod">urna </u><b>in </b>dolor. <u class="diffmod"><del class="diffmod">Mauris</del><u style="color:#FF0000;" class="diffmod"><ins class="diffmod">Mouris</ins> </u>sollicitudin fermentum libero. <u class="diffmod"><u style="color:#FF0000;" class="diffmod">Praesent </u>nonummy mi in odio. Nunc interdum lacus sit amet orci. Vestibulum <i>rutrum, </i>mi nec elementum vehicula, eros quam gravida nisl, id <u class="diffmod"><u style="color:#FF0000;" class="diffmod">fringilla </u>neque <i>ante </i>vel mi. Morbi <u class="diffmod"><u style="color:#FF0000;" class="diffmod">mollis </u>tellus <u class="diffmod"><u style="color:#FF0000;" class="diffmod">ac </u>sapien. Phasellus <i>volutpat, </i><i>metus </i>eget <u class="diffmod"><u style="color:#FF0000;" class="diffmod">egestas </u><u class="diffmod"><u style="color:#FF0000;" class="diffmod">mollis, </u>lacus lacus blandit <b>dui, </b>id <i>egestas </i>quam <del class="diffmod">mauris</del><ins class="diffmod">mouris</ins> ut lacus. Fusce <b>vel </b>dui. Sed in libero ut nibh placerat accumsan. Proin <del class="diffmod">faucibus</del><ins class="diffmod">foucibus</ins> <b>arcu </b>quis ante. In <b><del class="diffmod">consectetuer</del><ins class="diffmod">bobsectetuer</ins> </b>turpis ut </p><p> <i>velit. </i>Nulla <i>sit </i>amet est. Praesent <u class="diffmod"><u style="color:#FF0000;" class="diffmod">metus </u>tellus, elementum eu, semper a, <b>adipiscing </b><u class="diffmod"><u style="color:#FF0000;" class="diffmod">nec, </u>purus. <u class="diffmod"><u style="color:#FF0000;" class="diffmod">Cras </u>risus ipsum, <del class="diffmod">faucibus</del><ins class="diffmod">foucibus</ins> <i>ut, </i>ullamcorper id, <i>varius </i>ac, <i>leo. </i>Suspendisse <u class="diffmod"><u style="color:#FF0000;" class="diffmod">feugiat. </u><u class="diffmod"><u style="color:#FF0000;" class="diffmod">Suspendisse </u>enim turpis, dictum <u class="diffmod"><u style="color:#FF0000;" class="diffmod">sed, </u>iaculis a, <del class="diffmod">condimentum</del><ins class="diffmod">bobdimentum</ins> nec, nisi. <u class="diffmod"><u style="color:#FF0000;" class="diffmod">Praesent </u>nec nisl a purus blandit viverra. <b>Praesent </b>ac massa at ligula laoreet <u class="diffmod"><u style="color:#FF0000;" class="diffmod">iaculis. </u>Nulla neque <i>dolor, </i>sagittis <u class="diffmod"><u style="color:#FF0000;" class="diffmod">eget, </u>iaculis quis, molestie non, velit. <del class="diffmod">Mauris</del><ins class="diffmod">Mouris</ins> turpis nunc, blandit et, volutpat <b>molestie, </b><u class="diffmod"><u style="color:#FF0000;" class="diffmod">porta </u><u class="diffmod"><u style="color:#FF0000;" class="diffmod">ut, </u>ligula. Fusce pharetra <del class="diffmod">convallis</del><ins class="diffmod">bobvallis</ins> urna. <u class="diffmod"><u style="color:#FF0000;" class="diffmod">Quisque </u>ut <b>nisi. </b><b>Donec </b>mi odio, <del class="diffmod">faucibus</del><ins class="diffmod">foucibus</ins> <i>at, </i>scelerisque quis, <del class="diffmod">convallis</del><ins class="diffmod">bobvallis</ins> in, <u class="diffmod"><u style="color:#FF0000;" class="diffmod">nisi. </u>Suspendisse <i>non </i>nisl sit amet velit hendrerit rutrum. Ut leo. Ut a <b>nisl </b>id </p><p> ante tempus hendrerit. <b>Proin </b><b>pretium, </b><u class="diffmod"><u style="color:#FF0000;" class="diffmod">leo </u><u class="diffmod"><u style="color:#FF0000;" class="diffmod">ac </u><i>pellentesque </i><i>mollis, </i>felis nunc ultrices <b>eros, </b>sed gravida <i><del class="diffmod">augue </del><ins class="diffmod">ougue </ins></i><u class="diffmod"><del class="diffmod">augue</del><u style="color:#FF0000;" class="diffmod"><ins class="diffmod">ougue</ins> </u><b>mollis </b>justo. <b>Suspendisse </b>eu ligula. Nulla facilisi. Donec <u class="diffmod"><u style="color:#FF0000;" class="diffmod">id </u>justo. <b>Praesent </b>porttitor, nulla vitae <u class="diffmod"><u style="color:#FF0000;" class="diffmod">posuere </u>iaculis, <b>arcu </b><i>nisl </i>dignissim dolor, <b>a </b>pretium mi <u class="diffmod"><u style="color:#FF0000;" class="diffmod">sem </u>ut ipsum. <b>Curabitur </b>suscipit suscipit tellus. Praesent vestibulum <b>dapibus </b><u class="diffmod"><u style="color:#FF0000;" class="diffmod">nibh. </u>Etiam iaculis nunc ac metus. Ut id <i>nisl </i>quis enim dignissim sagittis. Etiam sollicitudin, ipsum <u class="diffmod"><u style="color:#FF0000;" class="diffmod">eu </u>pulvinar rutrum, tellus ipsum laoreet sapien, quis venenatis ante odio sit <i>amet </i>eros. Proin magna. <u class="diffmod"><u style="color:#FF0000;" class="diffmod">Duis </u>vel nibh at <i>velit </i><b>scelerisque </b>suscipit. Curabitur turpis. <u class="diffmod"><u style="color:#FF0000;" class="diffmod">Vestibulum </u>suscipit nulla <u class="diffmod"><u style="color:#FF0000;" class="diffmod">quis </u>orci. Fusce ac felis sit amet ligula </p><p> <i>pharetra </i><del class="diffmod">condimentum</del><ins class="diffmod">bobdimentum</ins>. Maecenas <u class="diffmod"><u style="color:#FF0000;" class="diffmod">egestas </u><b>arcu </b>quis ligula mattis placerat. Duis lobortis <u class="diffmod"><u style="color:#FF0000;" class="diffmod">massa </u>imperdiet quam. Suspendisse potenti. Pellentesque commodo eros a <b>enim. </b><u class="diffmod"><u style="color:#FF0000;" class="diffmod">Vestibulum </u>turpis sem, aliquet eget, <u class="diffmod"><u style="color:#FF0000;" class="diffmod">lobortis </u>pellentesque, rutrum eu, <i>nisl. </i>Sed libero. <i>Aliquam </i>erat <b>volutpat. </b>Etiam <u class="diffmod"><u style="color:#FF0000;" class="diffmod">vitae </u>tortor. <u class="diffmod"><u style="color:#FF0000;" class="diffmod">Morbi </u>vestibulum <i>volutpat </i>enim. Aliquam eu nunc. Nunc sed <b>turpis. </b>Sed <b>mollis, </b>eros et ultrices tempus, <del class="diffmod">mauris</del><ins class="diffmod">mouris</ins> <b>ipsum </b>aliquam libero, non <b>adipiscing </b><i>dolor </i>urna a <u class="diffmod"><u style="color:#FF0000;" class="diffmod">orci. </u><b>Nulla </b><i>porta </i>dolor. Class aptent taciti sociosqu ad <u class="diffmod"><u style="color:#FF0000;" class="diffmod">litora </u>torquent per <del class="diffmod">conubia</del><ins class="diffmod">bobubia</ins> nostra, <i>per </i><u class="diffmod"><u style="color:#FF0000;" class="diffmod">inceptos </u>hymenaeos. Pellentesque <i>dapibus </i><b>hendrerit </b>tortor. Praesent <u class="diffmod"><u style="color:#FF0000;" class="diffmod">egestas </u><b>tristique </b>nibh. Sed a libero. Cras <u class="diffmod"><u style="color:#FF0000;" class="diffmod">varius. </u><i>Donec </i><i>vitae </i>orci <i>sed </i>dolor <u class="diffmod"><u style="color:#FF0000;" class="diffmod">rutrum </u><del class="diffmod">auctor</del><ins class="diffmod">ouctor</ins>. <i>Fusce </i>egestas </p><p> elit <u class="diffmod"><u style="color:#FF0000;" class="diffmod">eget </u>lorem. Suspendisse nisl elit, <u class="diffmod"><u style="color:#FF0000;" class="diffmod">rhoncus </u>eget, elementum ac, <del class="diffmod">condimentum</del><ins class="diffmod">bobdimentum</ins> eget, diam. <b>Nam </b>at tortor in <i>tellus </i>interdum sagittis. <i>Aliquam </i><i>lobortis. </i><i>Donec </i>orci lectus, aliquam <u class="diffmod"><u style="color:#FF0000;" class="diffmod">ut, </u><del class="diffmod">faucibus </del><u class="diffmod"><ins class="diffmod">foucibus </ins><u style="color:#FF0000;" class="diffmod">non, </u>euismod id, nulla. <u class="diffmod"><u style="color:#FF0000;" class="diffmod">Curabitur </u>blandit mollis lacus. <u class="diffmod"><u style="color:#FF0000;" class="diffmod">Nam </u>adipiscing. Vestibulum eu odio. Vivamus laoreet. <u class="diffmod"><u style="color:#FF0000;" class="diffmod">Nullam </u>tincidunt adipiscing enim. <u class="diffmod"><u style="color:#FF0000;" class="diffmod">Phasellus </u>tempus. Proin <b>viverra, </b><i>ligula </i>sit <b>amet </b>ultrices semper, ligula <i>arcu </i>tristique sapien, a accumsan nisi <del class="diffmod">mauris</del><ins class="diffmod">mouris</ins> ac eros. Fusce neque. Suspendisse <del class="diffmod">faucibus</del><ins class="diffmod">foucibus</ins>, <u class="diffmod"><u style="color:#FF0000;" class="diffmod">nunc </u><i>et </i><u class="diffmod"><u style="color:#FF0000;" class="diffmod">pellentesque </u><b>egestas, </b>lacus ante <del class="diffmod">convallis</del><ins class="diffmod">bobvallis</ins> tellus, <u class="diffmod"><u style="color:#FF0000;" class="diffmod">vitae </u>iaculis lacus elit id tortor. Vivamus aliquet <u class="diffmod"><u style="color:#FF0000;" class="diffmod">elit </u>ac nisl. Fusce fermentum odio <i>nec </i><b>arcu. </b><u class="diffmod"><u style="color:#FF0000;" class="diffmod">Vivamus </u><b>euismod </b><del class="diffmod">mauris</del><ins class="diffmod">mouris</ins>. <b>In </b>ut quam <i>vitae </i>odio </p><p> lacinia tincidunt. <b>Praesent </b>ut <b>ligula </b>non mi <u class="diffmod"><u style="color:#FF0000;" class="diffmod">varius </u>sagittis. <i>Cras </i><b>sagittis. </b>Praesent ac sem eget <u class="diffmod"><u style="color:#FF0000;" class="diffmod">est </u>egestas volutpat. Vivamus <del class="diffmod">consectetuer</del><ins class="diffmod">bobsectetuer</ins> hendrerit lacus. Cras non dolor. Vivamus <i>in </i>erat ut urna cursus <b>vestibulum. </b><b>Fusce </b><u class="diffmod"><u style="color:#FF0000;" class="diffmod">commodo </u><i>aliquam </i>arcu. Nam commodo <b>suscipit </b>quam. <u class="diffmod"><u style="color:#FF0000;" class="diffmod">Quisque </u>id odio. <u class="diffmod"><u style="color:#FF0000;" class="diffmod">Praesent </u>venenatis <i>metus </i><u class="diffmod"><u style="color:#FF0000;" class="diffmod">at </u>tortor pulvinar varius. </p> <p class="diffmod"><del class="diffdel">meh</del></p><del class="diffdel"> </del>